BASELINE rc=0 PASS: 25/25
RED   ok                   M1 clock started BELOW conn.request (the survivor) :: rc=1 FAIL: 1/25 :: ['FAIL: ttfb is the status line and total is the drained body', 'FAIL: 1/25']
RED   ok                   M2 ttfb captured below response.read() :: rc=1 FAIL: 1/25 :: ['FAIL: ttfb is the status line and total is the drained body', 'FAIL: 1/25']
RED   ok                   M3 ttfb HALVED (* 500.0) :: rc=1 FAIL: 1/25 :: ['FAIL: ttfb is the status line and total is the drained body', 'FAIL: 1/25']
RED   ok                   M4 ttfb ZEROED (* 0.0) :: rc=1 FAIL: 1/25 :: ['FAIL: ttfb is the status line and total is the drained body', 'FAIL: 1/25']
RED   ok                   M5 ms->s unit slip on ttfb (* 1.0) :: rc=1 FAIL: 1/25 :: ['FAIL: ttfb is the status line and total is the drained body', 'FAIL: 1/25']
RED   ok                   M6 total_ms := round(ttfb, 3) :: rc=1 FAIL: 1/25 :: ['FAIL: ttfb is the status line and total is the drained body', 'FAIL: 1/25']
RED   ok                   M7 failed_after_ms hardcoded 0 (OSError road) :: rc=1 FAIL: 1/25 :: ['FAIL: ttfb is the status line and total is the drained body', 'FAIL: 1/25']
RED   ok                   M8 finally: conn.close() DELETED :: rc=1 FAIL: 1/25 :: ['FAIL: every request on the wire is a read-only GET with no body', 'FAIL: 1/25']
RED   ok                   M9 User-Agent dropped from headers :: rc=1 FAIL: 1/25 :: ['FAIL: every request on the wire is a read-only GET with no body', 'FAIL: 1/25']
RED   ok                   R1 GET -> DELETE :: rc=1 FAIL: 1/25 :: ['FAIL: every request on the wire is a read-only GET with no body', 'FAIL: 1/25']
RED   ok                   R2 DEFAULT_TIMEOUT 10.0 -> 0.05 :: rc=1 FAIL: 1/25 :: ['FAIL: the CLI wires $PLEX_TOKEN and --timeout', 'FAIL: 1/25']
RED   ok                   R3 always-HTTPS connector :: rc=1 FAIL: 1/25 :: ['FAIL: the connector matches the URL scheme and port', 'FAIL: 1/25']
RED   ok                   R4 target order leg-major :: rc=1 FAIL: 1/25 :: ['FAIL: probes Traefik and the direct backend', 'FAIL: 1/25']
RED   ok                   R5 2xx band -> status < 300 only :: rc=1 FAIL: 1/25 :: ['FAIL: the success band is exactly 2xx', 'FAIL: 1/25']
RED   ok                   V1 SEND_DELAY_S = 0 :: rc=1 FAIL: 1/25 :: ['FAIL: ttfb is the status line and total is the drained body', 'FAIL: 1/25']
RED   ok                   V2 the send sleep removed from _Conn.request :: rc=1 FAIL: 1/25 :: ['FAIL: ttfb is the status line and total is the drained body', 'FAIL: 1/25']
RED   ok                   V3 SEND_DELAY_S == CONNECT_DELAY_S :: rc=1 FAIL: 1/25 :: ['FAIL: ttfb is the status line and total is the drained body', 'FAIL: 1/25']
RED   ok                   V4 SEND_DELAY_S == READ_DELAY_S :: rc=1 FAIL: 1/25 :: ['FAIL: ttfb is the status line and total is the drained body', 'FAIL: 1/25']
RED   ok                   V5 ORIGIN_FLOOR back to ONE sub-span :: rc=1 FAIL: 1/25 :: ['FAIL: ttfb is the status line and total is the drained body', 'FAIL: 1/25']
RED   ok                   V6 ORIGIN_FLOOR_MS = 0 :: rc=1 FAIL: 1/25 :: ['FAIL: ttfb is the status line and total is the drained body', 'FAIL: 1/25']
RED   ok                   V7 TTFB_CEILING_MS = inf :: rc=1 FAIL: 1/25 :: ['FAIL: ttfb is the status line and total is the drained body', 'FAIL: 1/25']
RED   ok                   V8 TTFB_CEILING_MS = the full sum :: rc=1 FAIL: 1/25 :: ['FAIL: ttfb is the status line and total is the drained body', 'FAIL: 1/25']
RED   ok                   V9 healthy run not handed the send clock :: rc=1 FAIL: 1/25 :: ['FAIL: ttfb is the status line and total is the drained body', 'FAIL: 1/25']
RED   ok                   V10 the fake's close() records nothing :: rc=1 FAIL: 1/25 :: ['FAIL: every request on the wire is a read-only GET with no body', 'FAIL: 1/25']
GREEN ok                   C1 all_closed dropped from ok + conn.close() deleted :: rc=0 PASS: 25/25
GREEN ok                   C2 agent_ok dropped from ok + User-Agent deleted :: rc=0 PASS: 25/25
GREEN ok                   C3 ttfb ORIGIN floor dropped from the predicate + M1 :: rc=0 PASS: 25/25

=== summary ===
rows=27 unexpected=0
harness sha256=9fd2d16bfdd9db5e (expected 9fd2d16bfdd9db5e)
test    sha256=a28bd2038c73b83e (expected a28bd2038c73b83e)
